---
source: tests/snapshots_json.rs
expression: "run(&[\"-f\", \"json\", \"find\", \"tests/fixtures/\", \"-t\", \"reference\"])"
---
{"byte_size":462,"path":"cross-refs.md","sections":[{"level":1,"limit":13,"offset":6,"title":"Service Dependencies"},{"level":2,"limit":6,"offset":8,"title":"Internal Links"},{"level":2,"limit":5,"offset":14,"title":"External Resources"}],"total_lines":18}
{"byte_size":289,"path":"links-test.md","sections":[{"level":1,"limit":13,"offset":6,"title":"Links Test Document"},{"level":2,"limit":8,"offset":8,"title":"Standard Links"},{"level":2,"limit":3,"offset":16,"title":"Anchors"}],"total_lines":18}
{"byte_size":1077,"path":"lrn-multipart.md","sections":[{"level":3,"limit":11,"offset":13,"title":"PES PB WebClient Refactoring: 4.1x Bulk POST Throughput"}],"total_lines":23}
{"byte_size":211,"path":"lrn-two-entries.md","sections":[{"level":3,"limit":13,"offset":9,"title":"First Entry"}],"total_lines":21}
{"byte_size":1551,"path":"multipart-lrn.md","sections":[{"level":3,"limit":9,"offset":12,"title":"HTTP Client Bulk Throughput Improvement"},{"level":3,"limit":42,"offset":21,"title":"Thread Pool Utilization"},{"level":3,"limit":9,"offset":54,"title":"Notification Service Authentication"}],"total_lines":62}
{"byte_size":1407,"path":"service-doc.md","sections":[{"level":1,"limit":55,"offset":7,"title":"Nexus Ingestion Pipeline"},{"level":2,"limit":7,"offset":9,"title":"Overview"},{"level":2,"limit":22,"offset":16,"title":"Architecture"},{"level":3,"limit":9,"offset":23,"title":"Queue Bindings"},{"level":3,"limit":6,"offset":32,"title":"Document Collections"},{"level":2,"limit":12,"offset":38,"title":"Deployment"},{"level":3,"limit":8,"offset":42,"title":"Environment Variables"},{"level":2,"limit":12,"offset":50,"title":"Troubleshooting"},{"level":3,"limit":5,"offset":52,"title":"High Queue Backlog"},{"level":3,"limit":5,"offset":57,"title":"Store Timeout"}],"total_lines":61}
{"byte_size":420,"path":"simple.md","sections":[{"level":1,"limit":30,"offset":6,"title":"Simple Test Document"},{"level":2,"limit":8,"offset":8,"title":"Section One"},{"level":2,"limit":10,"offset":16,"title":"Section Two"},{"level":2,"limit":10,"offset":26,"title":"Section Three"},{"level":3,"limit":3,"offset":33,"title":"Nested Subsection"}],"total_lines":35}
